This is pdfTeX, Version 3.141592653-2.6-1.40.25 (MiKTeX 24.1) (preloaded format=pdflatex 2025.12.3)  27 JAN 2026 19:58
entering extended mode
 restricted \write18 enabled.
 %&-line parsing enabled.
**./main.tex
(main.tex
LaTeX2e <2023-11-01> patch level 1
L3 programming layer <2024-01-04>
(C:\Users\krist\AppData\Local\Programs\MiKTeX\tex/latex/base\article.cls
Document Class: article 2023/05/17 v1.4n Standard LaTeX document class
(C:\Users\krist\AppData\Local\Programs\MiKTeX\tex/latex/base\size11.clo
File: size11.clo 2023/05/17 v1.4n Standard LaTeX file (size option)
)
\c@part=\count187
\c@section=\count188
\c@subsection=\count189
\c@subsubsection=\count190
\c@paragraph=\count191
\c@subparagraph=\count192
\c@figure=\count193
\c@table=\count194
\abovecaptionskip=\skip48
\belowcaptionskip=\skip49
\bibindent=\dimen140
)
(C:\Users\krist\AppData\Local\Programs\MiKTeX\tex/latex/base\inputenc.sty
Package: inputenc 2021/02/14 v1.3d Input encoding file
\inpenc@prehook=\toks17
\inpenc@posthook=\toks18
)
(C:\Users\krist\AppData\Local\Programs\MiKTeX\tex/latex/base\fontenc.sty
Package: fontenc 2021/04/29 v2.0v Standard LaTeX package
)
(C:\Users\krist\AppData\Local\Programs\MiKTeX\tex/generic/babel\babel.sty
Package: babel 2024/01/07 v24.1 The Babel package
\babel@savecnt=\count195
\U@D=\dimen141
\l@unhyphenated=\language79

(C:\Users\krist\AppData\Local\Programs\MiKTeX\tex/generic/babel\txtbabel.def)
\bbl@readstream=\read2
\bbl@dirlevel=\count196

*************************************
* Local config file bblopts.cfg used
*
(C:\Users\krist\AppData\Local\Programs\MiKTeX\tex/latex/arabi\bblopts.cfg
File: bblopts.cfg 2005/09/08 v0.1 add Arabic and Farsi to "declared" options of
 babel
)
(C:\Users\krist\AppData\Local\Programs\MiKTeX\tex/latex/babel-italian\italian.l
df
Language: italian 2024/10/10 v.1.5.01 Italian support for the babel system
\it@lettering=\count197
\it@doublequoteactive=\count198
\it@ISOcompliance=\count199
))
(C:\Users\krist\AppData\Local\Programs\MiKTeX\tex/generic/babel/locale/it\babel
-italian.tex
Package babel Info: Importing font and identification data for italian
(babel)             from babel-it.ini. Reported on input line 11.
)
(C:\Users\krist\AppData\Local\Programs\MiKTeX\tex/latex/etoolbox\etoolbox.sty
Package: etoolbox 2020/10/05 v2.5k e-TeX tools for LaTeX (JAW)
\etb@tempcnta=\count266
)
(C:\Users\krist\AppData\Local\Programs\MiKTeX\tex/latex/float\float.sty
Package: float 2001/11/08 v1.3d Float enhancements (AL)
\c@float@type=\count267
\float@exts=\toks19
\float@box=\box51
\@float@everytoks=\toks20
\@floatcapt=\box52
)
(C:\Users\krist\AppData\Local\Programs\MiKTeX\tex/latex/lm\lmodern.sty
Package: lmodern 2015/05/01 v1.6.1 Latin Modern Fonts
LaTeX Font Info:    Overwriting symbol font `operators' in version `normal'
(Font)                  OT1/cmr/m/n --> OT1/lmr/m/n on input line 22.
LaTeX Font Info:    Overwriting symbol font `letters' in version `normal'
(Font)                  OML/cmm/m/it --> OML/lmm/m/it on input line 23.
LaTeX Font Info:    Overwriting symbol font `symbols' in version `normal'
(Font)                  OMS/cmsy/m/n --> OMS/lmsy/m/n on input line 24.
LaTeX Font Info:    Overwriting symbol font `largesymbols' in version `normal'
(Font)                  OMX/cmex/m/n --> OMX/lmex/m/n on input line 25.
LaTeX Font Info:    Overwriting symbol font `operators' in version `bold'
(Font)                  OT1/cmr/bx/n --> OT1/lmr/bx/n on input line 26.
LaTeX Font Info:    Overwriting symbol font `letters' in version `bold'
(Font)                  OML/cmm/b/it --> OML/lmm/b/it on input line 27.
LaTeX Font Info:    Overwriting symbol font `symbols' in version `bold'
(Font)                  OMS/cmsy/b/n --> OMS/lmsy/b/n on input line 28.
LaTeX Font Info:    Overwriting symbol font `largesymbols' in version `bold'
(Font)                  OMX/cmex/m/n --> OMX/lmex/m/n on input line 29.
LaTeX Font Info:    Overwriting math alphabet `\mathbf' in version `normal'
(Font)                  OT1/cmr/bx/n --> OT1/lmr/bx/n on input line 31.
LaTeX Font Info:    Overwriting math alphabet `\mathsf' in version `normal'
(Font)                  OT1/cmss/m/n --> OT1/lmss/m/n on input line 32.
LaTeX Font Info:    Overwriting math alphabet `\mathit' in version `normal'
(Font)                  OT1/cmr/m/it --> OT1/lmr/m/it on input line 33.
LaTeX Font Info:    Overwriting math alphabet `\mathtt' in version `normal'
(Font)                  OT1/cmtt/m/n --> OT1/lmtt/m/n on input line 34.
LaTeX Font Info:    Overwriting math alphabet `\mathbf' in version `bold'
(Font)                  OT1/cmr/bx/n --> OT1/lmr/bx/n on input line 35.
LaTeX Font Info:    Overwriting math alphabet `\mathsf' in version `bold'
(Font)                  OT1/cmss/bx/n --> OT1/lmss/bx/n on input line 36.
LaTeX Font Info:    Overwriting math alphabet `\mathit' in version `bold'
(Font)                  OT1/cmr/bx/it --> OT1/lmr/bx/it on input line 37.
LaTeX Font Info:    Overwriting math alphabet `\mathtt' in version `bold'
(Font)                  OT1/cmtt/m/n --> OT1/lmtt/m/n on input line 38.
)
(C:\Users\krist\AppData\Local\Programs\MiKTeX\tex/latex/geometry\geometry.sty
Package: geometry 2020/01/02 v5.9 Page Geometry

(C:\Users\krist\AppData\Local\Programs\MiKTeX\tex/latex/graphics\keyval.sty
Package: keyval 2022/05/29 v1.15 key=value parser (DPC)
\KV@toks@=\toks21
)
(C:\Users\krist\AppData\Local\Programs\MiKTeX\tex/generic/iftex\ifvtex.sty
Package: ifvtex 2019/10/25 v1.7 ifvtex legacy package. Use iftex instead.

(C:\Users\krist\AppData\Local\Programs\MiKTeX\tex/generic/iftex\iftex.sty
Package: iftex 2022/02/03 v1.0f TeX engine tests
))
\Gm@cnth=\count268
\Gm@cntv=\count269
\c@Gm@tempcnt=\count270
\Gm@bindingoffset=\dimen142
\Gm@wd@mp=\dimen143
\Gm@odd@mp=\dimen144
\Gm@even@mp=\dimen145
\Gm@layoutwidth=\dimen146
\Gm@layoutheight=\dimen147
\Gm@layouthoffset=\dimen148
\Gm@layoutvoffset=\dimen149
\Gm@dimlist=\toks22

(C:\Users\krist\AppData\Local\Programs\MiKTeX\tex/latex/geometry\geometry.cfg))

(C:\Users\krist\AppData\Local\Programs\MiKTeX\tex/latex/microtype\microtype.sty
Package: microtype 2025/07/09 v3.2b Micro-typographical refinements (RS)
\MT@toks=\toks23
\MT@tempbox=\box53
\MT@count=\count271
LaTeX Info: Redefining \noprotrusionifhmode on input line 1087.
LaTeX Info: Redefining \leftprotrusion on input line 1088.
\MT@prot@toks=\toks24
LaTeX Info: Redefining \rightprotrusion on input line 1107.
LaTeX Info: Redefining \textls on input line 1449.
\MT@outer@kern=\dimen150
LaTeX Info: Redefining \microtypecontext on input line 2053.
LaTeX Info: Redefining \textmicrotypecontext on input line 2070.
\MT@listname@count=\count272

(C:\Users\krist\AppData\Local\Programs\MiKTeX\tex/latex/microtype\microtype-pdf
tex.def
File: microtype-pdftex.def 2025/07/09 v3.2b Definitions specific to pdftex (RS)

LaTeX Info: Redefining \lsstyle on input line 944.
LaTeX Info: Redefining \lslig on input line 944.
\MT@outer@space=\skip50
)
Package microtype Info: Loading configuration file microtype.cfg.

(C:\Users\krist\AppData\Local\Programs\MiKTeX\tex/latex/microtype\microtype.cfg
File: microtype.cfg 2025/07/09 v3.2b microtype main configuration file (RS)
)
LaTeX Info: Redefining \microtypesetup on input line 3065.
) (C:\Users\krist\AppData\Local\Programs\MiKTeX\tex/latex/parskip\parskip.sty
Package: parskip 2021-03-14 v2.0h non-zero parskip adjustments

(C:\Users\krist\AppData\Local\Programs\MiKTeX\tex/latex/kvoptions\kvoptions.sty
Package: kvoptions 2022-06-15 v3.15 Key value format for package options (HO)
(C:\Users\krist\AppData\Local\Programs\MiKTeX\tex/generic/ltxcmds\ltxcmds.sty
Package: ltxcmds 2023-12-04 v1.26 LaTeX kernel commands for general use (HO)
)
(C:\Users\krist\AppData\Local\Programs\MiKTeX\tex/latex/kvsetkeys\kvsetkeys.sty
Package: kvsetkeys 2022-10-05 v1.19 Key value parser (HO)
)))
(C:\Users\krist\AppData\Local\Programs\MiKTeX\tex/latex/graphics\graphicx.sty
Package: graphicx 2021/09/16 v1.2d Enhanced LaTeX Graphics (DPC,SPQR)

(C:\Users\krist\AppData\Local\Programs\MiKTeX\tex/latex/graphics\graphics.sty
Package: graphics 2022/03/10 v1.4e Standard LaTeX Graphics (DPC,SPQR)

(C:\Users\krist\AppData\Local\Programs\MiKTeX\tex/latex/graphics\trig.sty
Package: trig 2021/08/11 v1.11 sin cos tan (DPC)
)
(C:\Users\krist\AppData\Local\Programs\MiKTeX\tex/latex/graphics-cfg\graphics.c
fg
File: graphics.cfg 2016/06/04 v1.11 sample graphics configuration
)
Package graphics Info: Driver file: pdftex.def on input line 107.

(C:\Users\krist\AppData\Local\Programs\MiKTeX\tex/latex/graphics-def\pdftex.def
File: pdftex.def 2022/09/22 v1.2b Graphics/color driver for pdftex
))
\Gin@req@height=\dimen151
\Gin@req@width=\dimen152
) (C:\Users\krist\AppData\Local\Programs\MiKTeX\tex/latex/amsmath\amsmath.sty
Package: amsmath 2023/05/13 v2.17o AMS math features
\@mathmargin=\skip51
For additional information on amsmath, use the `?' option.
(C:\Users\krist\AppData\Local\Programs\MiKTeX\tex/latex/amsmath\amstext.sty
Package: amstext 2021/08/26 v2.01 AMS text

(C:\Users\krist\AppData\Local\Programs\MiKTeX\tex/latex/amsmath\amsgen.sty
File: amsgen.sty 1999/11/30 v2.0 generic functions
\@emptytoks=\toks25
\ex@=\dimen153
))
(C:\Users\krist\AppData\Local\Programs\MiKTeX\tex/latex/amsmath\amsbsy.sty
Package: amsbsy 1999/11/29 v1.2d Bold Symbols
\pmbraise@=\dimen154
)
(C:\Users\krist\AppData\Local\Programs\MiKTeX\tex/latex/amsmath\amsopn.sty
Package: amsopn 2022/04/08 v2.04 operator names
)
\inf@bad=\count273
LaTeX Info: Redefining \frac on input line 234.
\uproot@=\count274
\leftroot@=\count275
LaTeX Info: Redefining \overline on input line 399.
LaTeX Info: Redefining \colon on input line 410.
\classnum@=\count276
\DOTSCASE@=\count277
LaTeX Info: Redefining \ldots on input line 496.
LaTeX Info: Redefining \dots on input line 499.
LaTeX Info: Redefining \cdots on input line 620.
\Mathstrutbox@=\box54
\strutbox@=\box55
LaTeX Info: Redefining \big on input line 722.
LaTeX Info: Redefining \Big on input line 723.
LaTeX Info: Redefining \bigg on input line 724.
LaTeX Info: Redefining \Bigg on input line 725.
\big@size=\dimen155
LaTeX Font Info:    Redeclaring font encoding OML on input line 743.
LaTeX Font Info:    Redeclaring font encoding OMS on input line 744.
\macc@depth=\count278
LaTeX Info: Redefining \bmod on input line 905.
LaTeX Info: Redefining \pmod on input line 910.
LaTeX Info: Redefining \smash on input line 940.
LaTeX Info: Redefining \relbar on input line 970.
LaTeX Info: Redefining \Relbar on input line 971.
\c@MaxMatrixCols=\count279
\dotsspace@=\muskip16
\c@parentequation=\count280
\dspbrk@lvl=\count281
\tag@help=\toks26
\row@=\count282
\column@=\count283
\maxfields@=\count284
\andhelp@=\toks27
\eqnshift@=\dimen156
\alignsep@=\dimen157
\tagshift@=\dimen158
\tagwidth@=\dimen159
\totwidth@=\dimen160
\lineht@=\dimen161
\@envbody=\toks28
\multlinegap=\skip52
\multlinetaggap=\skip53
\mathdisplay@stack=\toks29
LaTeX Info: Redefining \[ on input line 2953.
LaTeX Info: Redefining \] on input line 2954.
)
(C:\Users\krist\AppData\Local\Programs\MiKTeX\tex/latex/amsfonts\amssymb.sty
Package: amssymb 2013/01/14 v3.01 AMS font symbols

(C:\Users\krist\AppData\Local\Programs\MiKTeX\tex/latex/amsfonts\amsfonts.sty
Package: amsfonts 2013/01/14 v3.01 Basic AMSFonts support
\symAMSa=\mathgroup4
\symAMSb=\mathgroup5
LaTeX Font Info:    Redeclaring math symbol \hbar on input line 98.
LaTeX Font Info:    Overwriting math alphabet `\mathfrak' in version `bold'
(Font)                  U/euf/m/n --> U/euf/b/n on input line 106.
))
(C:\Users\krist\AppData\Local\Programs\MiKTeX\tex/latex/pgf/frontendlayer\tikz.
sty
(C:\Users\krist\AppData\Local\Programs\MiKTeX\tex/latex/pgf/basiclayer\pgf.sty
(C:\Users\krist\AppData\Local\Programs\MiKTeX\tex/latex/pgf/utilities\pgfrcs.st
y
(C:\Users\krist\AppData\Local\Programs\MiKTeX\tex/generic/pgf/utilities\pgfutil
-common.tex
\pgfutil@everybye=\toks30
\pgfutil@tempdima=\dimen162
\pgfutil@tempdimb=\dimen163
)
(C:\Users\krist\AppData\Local\Programs\MiKTeX\tex/generic/pgf/utilities\pgfutil
-latex.def
\pgfutil@abb=\box56
)
(C:\Users\krist\AppData\Local\Programs\MiKTeX\tex/generic/pgf/utilities\pgfrcs.
code.tex
(C:\Users\krist\AppData\Local\Programs\MiKTeX\tex/generic/pgf\pgf.revision.tex)
Package: pgfrcs 2023-01-15 v3.1.10 (3.1.10)
))
Package: pgf 2023-01-15 v3.1.10 (3.1.10)

(C:\Users\krist\AppData\Local\Programs\MiKTeX\tex/latex/pgf/basiclayer\pgfcore.
sty
(C:\Users\krist\AppData\Local\Programs\MiKTeX\tex/latex/pgf/systemlayer\pgfsys.
sty
(C:\Users\krist\AppData\Local\Programs\MiKTeX\tex/generic/pgf/systemlayer\pgfsy
s.code.tex
Package: pgfsys 2023-01-15 v3.1.10 (3.1.10)

(C:\Users\krist\AppData\Local\Programs\MiKTeX\tex/generic/pgf/utilities\pgfkeys
.code.tex
\pgfkeys@pathtoks=\toks31
\pgfkeys@temptoks=\toks32

(C:\Users\krist\AppData\Local\Programs\MiKTeX\tex/generic/pgf/utilities\pgfkeys
libraryfiltered.code.tex
\pgfkeys@tmptoks=\toks33
))
\pgf@x=\dimen164
\pgf@y=\dimen165
\pgf@xa=\dimen166
\pgf@ya=\dimen167
\pgf@xb=\dimen168
\pgf@yb=\dimen169
\pgf@xc=\dimen170
\pgf@yc=\dimen171
\pgf@xd=\dimen172
\pgf@yd=\dimen173
\w@pgf@writea=\write3
\r@pgf@reada=\read3
\c@pgf@counta=\count285
\c@pgf@countb=\count286
\c@pgf@countc=\count287
\c@pgf@countd=\count288
\t@pgf@toka=\toks34
\t@pgf@tokb=\toks35
\t@pgf@tokc=\toks36
\pgf@sys@id@count=\count289

(C:\Users\krist\AppData\Local\Programs\MiKTeX\tex/generic/pgf/systemlayer\pgf.c
fg
File: pgf.cfg 2023-01-15 v3.1.10 (3.1.10)
)
Driver file for pgf: pgfsys-pdftex.def

(C:\Users\krist\AppData\Local\Programs\MiKTeX\tex/generic/pgf/systemlayer\pgfsy
s-pdftex.def
File: pgfsys-pdftex.def 2023-01-15 v3.1.10 (3.1.10)

(C:\Users\krist\AppData\Local\Programs\MiKTeX\tex/generic/pgf/systemlayer\pgfsy
s-common-pdf.def
File: pgfsys-common-pdf.def 2023-01-15 v3.1.10 (3.1.10)
)))
(C:\Users\krist\AppData\Local\Programs\MiKTeX\tex/generic/pgf/systemlayer\pgfsy
ssoftpath.code.tex
File: pgfsyssoftpath.code.tex 2023-01-15 v3.1.10 (3.1.10)
\pgfsyssoftpath@smallbuffer@items=\count290
\pgfsyssoftpath@bigbuffer@items=\count291
)
(C:\Users\krist\AppData\Local\Programs\MiKTeX\tex/generic/pgf/systemlayer\pgfsy
sprotocol.code.tex
File: pgfsysprotocol.code.tex 2023-01-15 v3.1.10 (3.1.10)
))
(C:\Users\krist\AppData\Local\Programs\MiKTeX\tex/latex/xcolor\xcolor.sty
Package: xcolor 2023/11/15 v3.01 LaTeX color extensions (UK)

(C:\Users\krist\AppData\Local\Programs\MiKTeX\tex/latex/graphics-cfg\color.cfg
File: color.cfg 2016/01/02 v1.6 sample color configuration
)
Package xcolor Info: Driver file: pdftex.def on input line 274.
(C:\Users\krist\AppData\Local\Programs\MiKTeX\tex/latex/graphics\mathcolor.ltx)
Package xcolor Info: Model `cmy' substituted by `cmy0' on input line 1350.
Package xcolor Info: Model `hsb' substituted by `rgb' on input line 1354.
Package xcolor Info: Model `RGB' extended on input line 1366.
Package xcolor Info: Model `HTML' substituted by `rgb' on input line 1368.
Package xcolor Info: Model `Hsb' substituted by `hsb' on input line 1369.
Package xcolor Info: Model `tHsb' substituted by `hsb' on input line 1370.
Package xcolor Info: Model `HSB' substituted by `hsb' on input line 1371.
Package xcolor Info: Model `Gray' substituted by `gray' on input line 1372.
Package xcolor Info: Model `wave' substituted by `hsb' on input line 1373.
)
(C:\Users\krist\AppData\Local\Programs\MiKTeX\tex/generic/pgf/basiclayer\pgfcor
e.code.tex
Package: pgfcore 2023-01-15 v3.1.10 (3.1.10)

(C:\Users\krist\AppData\Local\Programs\MiKTeX\tex/generic/pgf/math\pgfmath.code
.tex
(C:\Users\krist\AppData\Local\Programs\MiKTeX\tex/generic/pgf/math\pgfmathutil.
code.tex)
(C:\Users\krist\AppData\Local\Programs\MiKTeX\tex/generic/pgf/math\pgfmathparse
r.code.tex
\pgfmath@dimen=\dimen174
\pgfmath@count=\count292
\pgfmath@box=\box57
\pgfmath@toks=\toks37
\pgfmath@stack@operand=\toks38
\pgfmath@stack@operation=\toks39
)
(C:\Users\krist\AppData\Local\Programs\MiKTeX\tex/generic/pgf/math\pgfmathfunct
ions.code.tex)
(C:\Users\krist\AppData\Local\Programs\MiKTeX\tex/generic/pgf/math\pgfmathfunct
ions.basic.code.tex)
(C:\Users\krist\AppData\Local\Programs\MiKTeX\tex/generic/pgf/math\pgfmathfunct
ions.trigonometric.code.tex)
(C:\Users\krist\AppData\Local\Programs\MiKTeX\tex/generic/pgf/math\pgfmathfunct
ions.random.code.tex)
(C:\Users\krist\AppData\Local\Programs\MiKTeX\tex/generic/pgf/math\pgfmathfunct
ions.comparison.code.tex)
(C:\Users\krist\AppData\Local\Programs\MiKTeX\tex/generic/pgf/math\pgfmathfunct
ions.base.code.tex)
(C:\Users\krist\AppData\Local\Programs\MiKTeX\tex/generic/pgf/math\pgfmathfunct
ions.round.code.tex)
(C:\Users\krist\AppData\Local\Programs\MiKTeX\tex/generic/pgf/math\pgfmathfunct
ions.misc.code.tex)
(C:\Users\krist\AppData\Local\Programs\MiKTeX\tex/generic/pgf/math\pgfmathfunct
ions.integerarithmetics.code.tex)
(C:\Users\krist\AppData\Local\Programs\MiKTeX\tex/generic/pgf/math\pgfmathcalc.
code.tex)
(C:\Users\krist\AppData\Local\Programs\MiKTeX\tex/generic/pgf/math\pgfmathfloat
.code.tex
\c@pgfmathroundto@lastzeros=\count293
))
(C:\Users\krist\AppData\Local\Programs\MiKTeX\tex/generic/pgf/math\pgfint.code.
tex)
(C:\Users\krist\AppData\Local\Programs\MiKTeX\tex/generic/pgf/basiclayer\pgfcor
epoints.code.tex
File: pgfcorepoints.code.tex 2023-01-15 v3.1.10 (3.1.10)
\pgf@picminx=\dimen175
\pgf@picmaxx=\dimen176
\pgf@picminy=\dimen177
\pgf@picmaxy=\dimen178
\pgf@pathminx=\dimen179
\pgf@pathmaxx=\dimen180
\pgf@pathminy=\dimen181
\pgf@pathmaxy=\dimen182
\pgf@xx=\dimen183
\pgf@xy=\dimen184
\pgf@yx=\dimen185
\pgf@yy=\dimen186
\pgf@zx=\dimen187
\pgf@zy=\dimen188
)
(C:\Users\krist\AppData\Local\Programs\MiKTeX\tex/generic/pgf/basiclayer\pgfcor
epathconstruct.code.tex
File: pgfcorepathconstruct.code.tex 2023-01-15 v3.1.10 (3.1.10)
\pgf@path@lastx=\dimen189
\pgf@path@lasty=\dimen190
)
(C:\Users\krist\AppData\Local\Programs\MiKTeX\tex/generic/pgf/basiclayer\pgfcor
epathusage.code.tex
File: pgfcorepathusage.code.tex 2023-01-15 v3.1.10 (3.1.10)
\pgf@shorten@end@additional=\dimen191
\pgf@shorten@start@additional=\dimen192
)
(C:\Users\krist\AppData\Local\Programs\MiKTeX\tex/generic/pgf/basiclayer\pgfcor
escopes.code.tex
File: pgfcorescopes.code.tex 2023-01-15 v3.1.10 (3.1.10)
\pgfpic=\box58
\pgf@hbox=\box59
\pgf@layerbox@main=\box60
\pgf@picture@serial@count=\count294
)
(C:\Users\krist\AppData\Local\Programs\MiKTeX\tex/generic/pgf/basiclayer\pgfcor
egraphicstate.code.tex
File: pgfcoregraphicstate.code.tex 2023-01-15 v3.1.10 (3.1.10)
\pgflinewidth=\dimen193
)
(C:\Users\krist\AppData\Local\Programs\MiKTeX\tex/generic/pgf/basiclayer\pgfcor
etransformations.code.tex
File: pgfcoretransformations.code.tex 2023-01-15 v3.1.10 (3.1.10)
\pgf@pt@x=\dimen194
\pgf@pt@y=\dimen195
\pgf@pt@temp=\dimen196
)
(C:\Users\krist\AppData\Local\Programs\MiKTeX\tex/generic/pgf/basiclayer\pgfcor
equick.code.tex
File: pgfcorequick.code.tex 2023-01-15 v3.1.10 (3.1.10)
)
(C:\Users\krist\AppData\Local\Programs\MiKTeX\tex/generic/pgf/basiclayer\pgfcor
eobjects.code.tex
File: pgfcoreobjects.code.tex 2023-01-15 v3.1.10 (3.1.10)
)
(C:\Users\krist\AppData\Local\Programs\MiKTeX\tex/generic/pgf/basiclayer\pgfcor
epathprocessing.code.tex
File: pgfcorepathprocessing.code.tex 2023-01-15 v3.1.10 (3.1.10)
)
(C:\Users\krist\AppData\Local\Programs\MiKTeX\tex/generic/pgf/basiclayer\pgfcor
earrows.code.tex
File: pgfcorearrows.code.tex 2023-01-15 v3.1.10 (3.1.10)
\pgfarrowsep=\dimen197
)
(C:\Users\krist\AppData\Local\Programs\MiKTeX\tex/generic/pgf/basiclayer\pgfcor
eshade.code.tex
File: pgfcoreshade.code.tex 2023-01-15 v3.1.10 (3.1.10)
\pgf@max=\dimen198
\pgf@sys@shading@range@num=\count295
\pgf@shadingcount=\count296
)
(C:\Users\krist\AppData\Local\Programs\MiKTeX\tex/generic/pgf/basiclayer\pgfcor
eimage.code.tex
File: pgfcoreimage.code.tex 2023-01-15 v3.1.10 (3.1.10)
)
(C:\Users\krist\AppData\Local\Programs\MiKTeX\tex/generic/pgf/basiclayer\pgfcor
eexternal.code.tex
File: pgfcoreexternal.code.tex 2023-01-15 v3.1.10 (3.1.10)
\pgfexternal@startupbox=\box61
)
(C:\Users\krist\AppData\Local\Programs\MiKTeX\tex/generic/pgf/basiclayer\pgfcor
elayers.code.tex
File: pgfcorelayers.code.tex 2023-01-15 v3.1.10 (3.1.10)
)
(C:\Users\krist\AppData\Local\Programs\MiKTeX\tex/generic/pgf/basiclayer\pgfcor
etransparency.code.tex
File: pgfcoretransparency.code.tex 2023-01-15 v3.1.10 (3.1.10)
)
(C:\Users\krist\AppData\Local\Programs\MiKTeX\tex/generic/pgf/basiclayer\pgfcor
epatterns.code.tex
File: pgfcorepatterns.code.tex 2023-01-15 v3.1.10 (3.1.10)
)
(C:\Users\krist\AppData\Local\Programs\MiKTeX\tex/generic/pgf/basiclayer\pgfcor
erdf.code.tex
File: pgfcorerdf.code.tex 2023-01-15 v3.1.10 (3.1.10)
)))
(C:\Users\krist\AppData\Local\Programs\MiKTeX\tex/generic/pgf/modules\pgfmodule
shapes.code.tex
File: pgfmoduleshapes.code.tex 2023-01-15 v3.1.10 (3.1.10)
\pgfnodeparttextbox=\box62
)
(C:\Users\krist\AppData\Local\Programs\MiKTeX\tex/generic/pgf/modules\pgfmodule
plot.code.tex
File: pgfmoduleplot.code.tex 2023-01-15 v3.1.10 (3.1.10)
)
(C:\Users\krist\AppData\Local\Programs\MiKTeX\tex/latex/pgf/compatibility\pgfco
mp-version-0-65.sty
Package: pgfcomp-version-0-65 2023-01-15 v3.1.10 (3.1.10)
\pgf@nodesepstart=\dimen199
\pgf@nodesepend=\dimen256
)
(C:\Users\krist\AppData\Local\Programs\MiKTeX\tex/latex/pgf/compatibility\pgfco
mp-version-1-18.sty
Package: pgfcomp-version-1-18 2023-01-15 v3.1.10 (3.1.10)
))
(C:\Users\krist\AppData\Local\Programs\MiKTeX\tex/latex/pgf/utilities\pgffor.st
y
(C:\Users\krist\AppData\Local\Programs\MiKTeX\tex/latex/pgf/utilities\pgfkeys.s
ty
(C:\Users\krist\AppData\Local\Programs\MiKTeX\tex/generic/pgf/utilities\pgfkeys
.code.tex))
(C:\Users\krist\AppData\Local\Programs\MiKTeX\tex/latex/pgf/math\pgfmath.sty
(C:\Users\krist\AppData\Local\Programs\MiKTeX\tex/generic/pgf/math\pgfmath.code
.tex))
(C:\Users\krist\AppData\Local\Programs\MiKTeX\tex/generic/pgf/utilities\pgffor.
code.tex
Package: pgffor 2023-01-15 v3.1.10 (3.1.10)
\pgffor@iter=\dimen257
\pgffor@skip=\dimen258
\pgffor@stack=\toks40
\pgffor@toks=\toks41
))
(C:\Users\krist\AppData\Local\Programs\MiKTeX\tex/generic/pgf/frontendlayer/tik
z\tikz.code.tex
Package: tikz 2023-01-15 v3.1.10 (3.1.10)

(C:\Users\krist\AppData\Local\Programs\MiKTeX\tex/generic/pgf/libraries\pgflibr
aryplothandlers.code.tex
File: pgflibraryplothandlers.code.tex 2023-01-15 v3.1.10 (3.1.10)
\pgf@plot@mark@count=\count297
\pgfplotmarksize=\dimen259
)
\tikz@lastx=\dimen260
\tikz@lasty=\dimen261
\tikz@lastxsaved=\dimen262
\tikz@lastysaved=\dimen263
\tikz@lastmovetox=\dimen264
\tikz@lastmovetoy=\dimen265
\tikzleveldistance=\dimen266
\tikzsiblingdistance=\dimen267
\tikz@figbox=\box63
\tikz@figbox@bg=\box64
\tikz@tempbox=\box65
\tikz@tempbox@bg=\box66
\tikztreelevel=\count298
\tikznumberofchildren=\count299
\tikznumberofcurrentchild=\count300
\tikz@fig@count=\count301

(C:\Users\krist\AppData\Local\Programs\MiKTeX\tex/generic/pgf/modules\pgfmodule
matrix.code.tex
File: pgfmodulematrix.code.tex 2023-01-15 v3.1.10 (3.1.10)
\pgfmatrixcurrentrow=\count302
\pgfmatrixcurrentcolumn=\count303
\pgf@matrix@numberofcolumns=\count304
)
\tikz@expandcount=\count305

(C:\Users\krist\AppData\Local\Programs\MiKTeX\tex/generic/pgf/frontendlayer/tik
z/libraries\tikzlibrarytopaths.code.tex
File: tikzlibrarytopaths.code.tex 2023-01-15 v3.1.10 (3.1.10)
)))
(C:\Users\krist\AppData\Local\Programs\MiKTeX\tex/latex/tcolorbox\tcolorbox.sty
Package: tcolorbox 2024/01/10 version 6.2.0 text color boxes
(C:\Users\krist\AppData\Local\Programs\MiKTeX\tex/latex/tools\verbatim.sty
Package: verbatim 2023-11-06 v1.5v LaTeX2e package for verbatim enhancements
\every@verbatim=\toks42
\verbatim@line=\toks43
\verbatim@in@stream=\read4
)
(C:\Users\krist\AppData\Local\Programs\MiKTeX\tex/latex/environ\environ.sty
Package: environ 2014/05/04 v0.3 A new way to define environments

(C:\Users\krist\AppData\Local\Programs\MiKTeX\tex/latex/trimspaces\trimspaces.s
ty
Package: trimspaces 2009/09/17 v1.1 Trim spaces around a token list
))
\tcb@titlebox=\box67
\tcb@upperbox=\box68
\tcb@lowerbox=\box69
\tcb@phantombox=\box70
\c@tcbbreakpart=\count306
\c@tcblayer=\count307
\c@tcolorbox@number=\count308
\l__tcobox_tmpa_box=\box71
\l__tcobox_tmpa_dim=\dimen268
\tcb@temp=\box72
\tcb@temp=\box73
\tcb@temp=\box74
\tcb@temp=\box75
)
(C:\Users\krist\AppData\Local\Programs\MiKTeX\tex/latex/fancyhdr\fancyhdr.sty
Package: fancyhdr 2025/02/07 v5.2 Extensive control of page headers and footers

\f@nch@headwidth=\skip54
\f@nch@offset@elh=\skip55
\f@nch@offset@erh=\skip56
\f@nch@offset@olh=\skip57
\f@nch@offset@orh=\skip58
\f@nch@offset@elf=\skip59
\f@nch@offset@erf=\skip60
\f@nch@offset@olf=\skip61
\f@nch@offset@orf=\skip62
\f@nch@height=\skip63
\f@nch@footalignment=\skip64
\f@nch@widthL=\skip65
\f@nch@widthC=\skip66
\f@nch@widthR=\skip67
\@temptokenb=\toks44
)
(C:\Users\krist\AppData\Local\Programs\MiKTeX\tex/latex/titlesec\titlesec.sty
Package: titlesec 2025/01/04 v2.17 Sectioning titles
\ttl@box=\box76
\beforetitleunit=\skip68
\aftertitleunit=\skip69
\ttl@plus=\dimen269
\ttl@minus=\dimen270
\ttl@toksa=\toks45
\titlewidth=\dimen271
\titlewidthlast=\dimen272
\titlewidthfirst=\dimen273
)
(C:\Users\krist\AppData\Local\Programs\MiKTeX\tex/latex/hyperref\hyperref.sty
Package: hyperref 2023-11-26 v7.01g Hypertext links for LaTeX

(C:\Users\krist\AppData\Local\Programs\MiKTeX\tex/generic/infwarerr\infwarerr.s
ty
Package: infwarerr 2019/12/03 v1.5 Providing info/warning/error messages (HO)
)
(C:\Users\krist\AppData\Local\Programs\MiKTeX\tex/generic/kvdefinekeys\kvdefine
keys.sty
Package: kvdefinekeys 2019-12-19 v1.6 Define keys (HO)
)
(C:\Users\krist\AppData\Local\Programs\MiKTeX\tex/generic/pdfescape\pdfescape.s
ty
Package: pdfescape 2019/12/09 v1.15 Implements pdfTeX's escape features (HO)

(C:\Users\krist\AppData\Local\Programs\MiKTeX\tex/generic/pdftexcmds\pdftexcmds
.sty
Package: pdftexcmds 2020-06-27 v0.33 Utility functions of pdfTeX for LuaTeX (HO
)
Package pdftexcmds Info: \pdf@primitive is available.
Package pdftexcmds Info: \pdf@ifprimitive is available.
Package pdftexcmds Info: \pdfdraftmode found.
))
(C:\Users\krist\AppData\Local\Programs\MiKTeX\tex/latex/hycolor\hycolor.sty
Package: hycolor 2020-01-27 v1.10 Color options for hyperref/bookmark (HO)
)
(C:\Users\krist\AppData\Local\Programs\MiKTeX\tex/latex/letltxmacro\letltxmacro
.sty
Package: letltxmacro 2019/12/03 v1.6 Let assignment for LaTeX macros (HO)
)
(C:\Users\krist\AppData\Local\Programs\MiKTeX\tex/latex/auxhook\auxhook.sty
Package: auxhook 2019-12-17 v1.6 Hooks for auxiliary files (HO)
)
(C:\Users\krist\AppData\Local\Programs\MiKTeX\tex/latex/hyperref\nameref.sty
Package: nameref 2023-11-26 v2.56 Cross-referencing by name of section

(C:\Users\krist\AppData\Local\Programs\MiKTeX\tex/latex/refcount\refcount.sty
Package: refcount 2019/12/15 v3.6 Data extraction from label references (HO)
)
(C:\Users\krist\AppData\Local\Programs\MiKTeX\tex/generic/gettitlestring\gettit
lestring.sty
Package: gettitlestring 2019/12/15 v1.6 Cleanup title references (HO)
)
\c@section@level=\count309
)
\@linkdim=\dimen274
\Hy@linkcounter=\count310
\Hy@pagecounter=\count311

(C:\Users\krist\AppData\Local\Programs\MiKTeX\tex/latex/hyperref\pd1enc.def
File: pd1enc.def 2023-11-26 v7.01g Hyperref: PDFDocEncoding definition (HO)
Now handling font encoding PD1 ...
... no UTF-8 mapping file for font encoding PD1
)
(C:\Users\krist\AppData\Local\Programs\MiKTeX\tex/generic/intcalc\intcalc.sty
Package: intcalc 2019/12/15 v1.3 Expandable calculations with integers (HO)
)
\Hy@SavedSpaceFactor=\count312

(C:\Users\krist\AppData\Local\Programs\MiKTeX\tex/latex/hyperref\puenc.def
File: puenc.def 2023-11-26 v7.01g Hyperref: PDF Unicode definition (HO)
Now handling font encoding PU ...
... no UTF-8 mapping file for font encoding PU
)
Package hyperref Info: Hyper figures OFF on input line 4181.
Package hyperref Info: Link nesting OFF on input line 4186.
Package hyperref Info: Hyper index ON on input line 4189.
Package hyperref Info: Plain pages OFF on input line 4196.
Package hyperref Info: Backreferencing OFF on input line 4201.
Package hyperref Info: Implicit mode ON; LaTeX internals redefined.
Package hyperref Info: Bookmarks ON on input line 4448.
\c@Hy@tempcnt=\count313

(C:\Users\krist\AppData\Local\Programs\MiKTeX\tex/latex/url\url.sty
\Urlmuskip=\muskip17
Package: url 2013/09/16  ver 3.4  Verb mode for urls, etc.
)
LaTeX Info: Redefining \url on input line 4786.
\XeTeXLinkMargin=\dimen275

(C:\Users\krist\AppData\Local\Programs\MiKTeX\tex/generic/bitset\bitset.sty
Package: bitset 2019/12/09 v1.3 Handle bit-vector datatype (HO)

(C:\Users\krist\AppData\Local\Programs\MiKTeX\tex/generic/bigintcalc\bigintcalc
.sty
Package: bigintcalc 2019/12/15 v1.5 Expandable calculations on big integers (HO
)
))
\Fld@menulength=\count314
\Field@Width=\dimen276
\Fld@charsize=\dimen277
Package hyperref Info: Hyper figures OFF on input line 6065.
Package hyperref Info: Link nesting OFF on input line 6070.
Package hyperref Info: Hyper index ON on input line 6073.
Package hyperref Info: backreferencing OFF on input line 6080.
Package hyperref Info: Link coloring OFF on input line 6085.
Package hyperref Info: Link coloring with OCG OFF on input line 6090.
Package hyperref Info: PDF/A mode OFF on input line 6095.

(C:\Users\krist\AppData\Local\Programs\MiKTeX\tex/latex/base\atbegshi-ltx.sty
Package: atbegshi-ltx 2021/01/10 v1.0c Emulation of the original atbegshi
package with kernel methods
)
\Hy@abspage=\count315
\c@Item=\count316
\c@Hfootnote=\count317
)
Package hyperref Info: Driver (autodetected): hpdftex.
(C:\Users\krist\AppData\Local\Programs\MiKTeX\tex/latex/hyperref\hpdftex.def
File: hpdftex.def 2023-11-26 v7.01g Hyperref driver for pdfTeX

(C:\Users\krist\AppData\Local\Programs\MiKTeX\tex/latex/base\atveryend-ltx.sty
Package: atveryend-ltx 2020/08/19 v1.0a Emulation of the original atveryend pac
kage
with kernel methods
)
\Fld@listcount=\count318
\c@bookmark@seq@number=\count319

(C:\Users\krist\AppData\Local\Programs\MiKTeX\tex/latex/rerunfilecheck\rerunfil
echeck.sty
Package: rerunfilecheck 2025-06-21 v1.11 Rerun checks for auxiliary files (HO)

(C:\Users\krist\AppData\Local\Programs\MiKTeX\tex/generic/uniquecounter\uniquec
ounter.sty
Package: uniquecounter 2019/12/15 v1.4 Provide unlimited unique counter (HO)
)
Package uniquecounter Info: New unique counter `rerunfilecheck' on input line 2
84.
)
\Hy@SectionHShift=\skip70
)
(C:\Users\krist\AppData\Local\Programs\MiKTeX\tex/latex/bookmark\bookmark.sty
Package: bookmark 2023-12-10 v1.31 PDF bookmarks (HO)

(C:\Users\krist\AppData\Local\Programs\MiKTeX\tex/latex/bookmark\bkm-pdftex.def
File: bkm-pdftex.def 2023-12-10 v1.31 bookmark driver for pdfTeX and luaTeX (HO
)
\BKM@id=\count320
))
Package hyperref Info: Option `colorlinks' set `true' on input line 49.
LaTeX Font Info:    Trying to load font information for T1+lmr on input line 60
.
 (C:\Users\krist\AppData\Local\Programs\MiKTeX\tex/latex/lm\t1lmr.fd
File: t1lmr.fd 2015/05/01 v1.6.1 Font defs for Latin Modern
)
(C:\Users\krist\AppData\Local\Programs\MiKTeX\tex/latex/l3backend\l3backend-pdf
tex.def
File: l3backend-pdftex.def 2024-01-04 L3 backend support: PDF output (pdfTeX)
\l__color_backend_stack_int=\count321
\l__pdf_internal_box=\box77
) (main.aux (introduzione.aux) (Progettazione.aux) (ModellloEr.aux

LaTeX Warning: Label `fig:placeholder' multiply defined.


LaTeX Warning: Label `fig:placeholder' multiply defined.


LaTeX Warning: Label `fig:placeholder' multiply defined.


LaTeX Warning: Label `fig:placeholder' multiply defined.


LaTeX Warning: Label `fig:placeholder' multiply defined.


LaTeX Warning: Label `fig:placeholder' multiply defined.


LaTeX Warning: Label `fig:placeholder' multiply defined.


LaTeX Warning: Label `fig:placeholder' multiply defined.


LaTeX Warning: Label `fig:placeholder' multiply defined.


LaTeX Warning: Label `fig:placeholder' multiply defined.


LaTeX Warning: Label `fig:placeholder' multiply defined.


LaTeX Warning: Label `fig:placeholder' multiply defined.

) (vincoli di cardinalita.aux) (Strategie.aux) (ModelloRelazionale.aux

LaTeX Warning: Label `fig:placeholder' multiply defined.


LaTeX Warning: Label `fig:placeholder' multiply defined.


LaTeX Warning: Label `fig:placeholder' multiply defined.


LaTeX Warning: Label `fig:placeholder' multiply defined.

) (documentBased.aux) (algebraRelazionale.aux) (calcoloRelazionale.aux)
(LinguaggiNoSql.aux))
\openout1 = `main.aux'.

LaTeX Font Info:    Checking defaults for OML/cmm/m/it on input line 60.
LaTeX Font Info:    ... okay on input line 60.
LaTeX Font Info:    Checking defaults for OMS/cmsy/m/n on input line 60.
LaTeX Font Info:    ... okay on input line 60.
LaTeX Font Info:    Checking defaults for OT1/cmr/m/n on input line 60.
LaTeX Font Info:    ... okay on input line 60.
LaTeX Font Info:    Checking defaults for T1/cmr/m/n on input line 60.
LaTeX Font Info:    ... okay on input line 60.
LaTeX Font Info:    Checking defaults for TS1/cmr/m/n on input line 60.
LaTeX Font Info:    ... okay on input line 60.
LaTeX Font Info:    Checking defaults for OMX/cmex/m/n on input line 60.
LaTeX Font Info:    ... okay on input line 60.
LaTeX Font Info:    Checking defaults for U/cmr/m/n on input line 60.
LaTeX Font Info:    ... okay on input line 60.
LaTeX Font Info:    Checking defaults for PD1/pdf/m/n on input line 60.
LaTeX Font Info:    ... okay on input line 60.
LaTeX Font Info:    Checking defaults for PU/pdf/m/n on input line 60.
LaTeX Font Info:    ... okay on input line 60.
LaTeX Info: Redefining \it@ocap on input line 60.
LaTeX Info: Redefining \it@ccap on input line 60.

*geometry* driver: auto-detecting
*geometry* detected driver: pdftex
*geometry* verbose mode - [ preamble ] result:
* driver: pdftex
* paper: a4paper
* layout: <same size as paper>
* layoutoffset:(h,v)=(0.0pt,0.0pt)
* modes: 
* h-part:(L,W,R)=(71.13188pt, 455.24411pt, 71.13188pt)
* v-part:(T,H,B)=(71.13188pt, 702.78308pt, 71.13188pt)
* \paperwidth=597.50787pt
* \paperheight=845.04684pt
* \textwidth=455.24411pt
* \textheight=702.78308pt
* \oddsidemargin=-1.1381pt
* \evensidemargin=-1.1381pt
* \topmargin=-38.1381pt
* \headheight=14.0pt
* \headsep=25.0pt
* \topskip=11.0pt
* \footskip=30.0pt
* \marginparwidth=50.0pt
* \marginparsep=10.0pt
* \columnsep=10.0pt
* \skip\footins=10.0pt plus 4.0pt minus 2.0pt
* \hoffset=0.0pt
* \voffset=0.0pt
* \mag=1000
* \@twocolumnfalse
* \@twosidefalse
* \@mparswitchfalse
* \@reversemarginfalse
* (1in=72.27pt=25.4mm, 1cm=28.453pt)

LaTeX Info: Redefining \microtypecontext on input line 60.
Package microtype Info: Applying patch `item' on input line 60.
Package microtype Info: Applying patch `toc' on input line 60.
Package microtype Info: Applying patch `eqnum' on input line 60.
Package microtype Info: Applying patch `footnote' on input line 60.
Package microtype Info: Applying patch `verbatim' on input line 60.
LaTeX Info: Redefining \microtypesetup on input line 60.
Package microtype Info: Generating PDF output.
Package microtype Info: Character protrusion enabled (level 2).
Package microtype Info: Using default protrusion set `alltext'.
Package microtype Info: Automatic font expansion enabled (level 2),
(microtype)             stretch: 20, shrink: 20, step: 1, non-selected.
Package microtype Info: Using default expansion set `alltext-nott'.
Package microtype Info: Patching command `\showhyphens'.
Package microtype Info: No adjustment of tracking.
Package microtype Info: No adjustment of interword spacing.
Package microtype Info: No adjustment of character kerning.
(C:\Users\krist\AppData\Local\Programs\MiKTeX\tex/latex/microtype\mt-cmr.cfg
File: mt-cmr.cfg 2013/05/19 v2.2 microtype config. file: Computer Modern Roman 
(RS)
)
(C:\Users\krist\AppData\Local\Programs\MiKTeX\tex/context/base/mkii\supp-pdf.mk
ii
[Loading MPS to PDF converter (version 2006.09.02).]
\scratchcounter=\count322
\scratchdimen=\dimen278
\scratchbox=\box78
\nofMPsegments=\count323
\nofMParguments=\count324
\everyMPshowfont=\toks46
\MPscratchCnt=\count325
\MPscratchDim=\dimen279
\MPnumerator=\count326
\makeMPintoPDFobject=\count327
\everyMPtoPDFconversion=\toks47
)
(C:\Users\krist\AppData\Local\Programs\MiKTeX\tex/latex/epstopdf-pkg\epstopdf-b
ase.sty
Package: epstopdf-base 2020-01-24 v2.11 Base part for package epstopdf
Package epstopdf-base Info: Redefining graphics rule for `.eps' on input line 4
85.

(C:\Users\krist\AppData\Local\Programs\MiKTeX\tex/latex/00miktex\epstopdf-sys.c
fg
File: epstopdf-sys.cfg 2021/03/18 v2.0 Configuration of epstopdf for MiKTeX
))
Package hyperref Info: Link coloring ON on input line 60.
LaTeX Font Info:    Trying to load font information for OT1+lmr on input line 6
3.
 (C:\Users\krist\AppData\Local\Programs\MiKTeX\tex/latex/lm\ot1lmr.fd
File: ot1lmr.fd 2015/05/01 v1.6.1 Font defs for Latin Modern
)
LaTeX Font Info:    Trying to load font information for OML+lmm on input line 6
3.

(C:\Users\krist\AppData\Local\Programs\MiKTeX\tex/latex/lm\omllmm.fd
File: omllmm.fd 2015/05/01 v1.6.1 Font defs for Latin Modern
)
LaTeX Font Info:    Trying to load font information for OMS+lmsy on input line 
63.

(C:\Users\krist\AppData\Local\Programs\MiKTeX\tex/latex/lm\omslmsy.fd
File: omslmsy.fd 2015/05/01 v1.6.1 Font defs for Latin Modern
)
LaTeX Font Info:    Trying to load font information for OMX+lmex on input line 
63.

(C:\Users\krist\AppData\Local\Programs\MiKTeX\tex/latex/lm\omxlmex.fd
File: omxlmex.fd 2015/05/01 v1.6.1 Font defs for Latin Modern
)
LaTeX Font Info:    External font `lmex10' loaded for size
(Font)              <12> on input line 63.
LaTeX Font Info:    External font `lmex10' loaded for size
(Font)              <8> on input line 63.
LaTeX Font Info:    External font `lmex10' loaded for size
(Font)              <6> on input line 63.
LaTeX Font Info:    Trying to load font information for U+msa on input line 63.


(C:\Users\krist\AppData\Local\Programs\MiKTeX\tex/latex/amsfonts\umsa.fd
File: umsa.fd 2013/01/14 v3.01 AMS symbols A
)
(C:\Users\krist\AppData\Local\Programs\MiKTeX\tex/latex/microtype\mt-msa.cfg
File: mt-msa.cfg 2006/02/04 v1.1 microtype config. file: AMS symbols (a) (RS)
)
LaTeX Font Info:    Trying to load font information for U+msb on input line 63.


(C:\Users\krist\AppData\Local\Programs\MiKTeX\tex/latex/amsfonts\umsb.fd
File: umsb.fd 2013/01/14 v3.01 AMS symbols B
)
(C:\Users\krist\AppData\Local\Programs\MiKTeX\tex/latex/microtype\mt-msb.cfg
File: mt-msb.cfg 2005/06/01 v1.0 microtype config. file: AMS symbols (b) (RS)
)
(main.toc
LaTeX Font Info:    External font `lmex10' loaded for size
(Font)              <10.95> on input line 4.
 [1

{C:/Users/krist/AppData/Local/MiKTeX/fonts/map/pdftex/pdftex.map}{C:/Users/kris
t/AppData/Local/Programs/MiKTeX/fonts/enc/dvips/lm/lm-ec.enc}]
[2{C:/Users/krist/AppData/Local/Programs/MiKTeX/fonts/enc/dvips/lm/lm-mathit.en
c}{C:/Users/krist/AppData/Local/Programs/MiKTeX/fonts/enc/dvips/lm/lm-rm.enc}{C
:/Users/krist/AppData/Local/Programs/MiKTeX/fonts/enc/dvips/lm/lm-mathsy.enc}])
\tf@toc=\write4
\openout4 = `main.toc'.

[3]
\openout2 = `introduzione.aux'.

 (introduzione.tex
LaTeX Font Info:    Trying to load font information for TS1+lmr on input line 4
.

(C:\Users\krist\AppData\Local\Programs\MiKTeX\tex/latex/lm\ts1lmr.fd
File: ts1lmr.fd 2015/05/01 v1.6.1 Font defs for Latin Modern
) [4


{C:/Users/krist/AppData/Local/Programs/MiKTeX/fonts/enc/dvips/lm/lm-ts1.enc}])
[5]
\openout2 = `Progettazione.aux'.

 (Progettazione.tex [6



] [7]
Underfull \hbox (badness 10000) in paragraph at lines 106--108

 []

) [8]
\openout2 = `ModellloEr.aux'.

 (ModellloEr.tex
LaTeX Font Info:    Trying to load font information for T1+lmtt on input line 6
0.

(C:\Users\krist\AppData\Local\Programs\MiKTeX\tex/latex/lm\t1lmtt.fd
File: t1lmtt.fd 2015/05/01 v1.6.1 Font defs for Latin Modern
)
Package microtype Info: Loading generic protrusion settings for font family
(microtype)             `lmtt' (encoding: T1).
(microtype)             For optimal results, create family-specific settings.
(microtype)             See the microtype manual for details.
<image3.png, id=250, 398.6895pt x 350.5095pt>
File: image3.png Graphic file (type png)
<use image3.png>
Package pdftex.def Info: image3.png  used on input line 69.
(pdftex.def)             Requested size: 227.62206pt x 200.11339pt.


LaTeX Warning: `!h' float specifier changed to `!ht'.

[9



]
<image4.png, id=257, 435.42674pt x 360.1455pt>
File: image4.png Graphic file (type png)
<use image4.png>
Package pdftex.def Info: image4.png  used on input line 111.
(pdftex.def)             Requested size: 227.62206pt x 188.2659pt.


LaTeX Warning: `!h' float specifier changed to `!ht'.

[10 <./image3.png>]
<image5.png, id=264, 702.82574pt x 271.0125pt>
File: image5.png Graphic file (type png)
<use image5.png>
Package pdftex.def Info: image5.png  used on input line 120.
(pdftex.def)             Requested size: 318.66948pt x 122.8808pt.
<image17.png, id=265, 398.6895pt x 218.61674pt>
File: image17.png Graphic file (type png)
<use image17.png>
Package pdftex.def Info: image17.png  used on input line 135.
(pdftex.def)             Requested size: 250.38564pt x 137.29561pt.
 [11 <./image4.png> <./image5.png>]
<image18.png, id=274, 835.32076pt x 236.082pt>
File: image18.png Graphic file (type png)
<use image18.png>
Package pdftex.def Info: image18.png  used on input line 192.
(pdftex.def)             Requested size: 341.43307pt x 96.49524pt.
 [12 <./image17.png>]
[13 <./image18.png>]
<image6.png, id=288, 422.7795pt x 440.24475pt>
File: image6.png Graphic file (type png)
<use image6.png>
Package pdftex.def Info: image6.png  used on input line 263.
(pdftex.def)             Requested size: 227.62206pt x 237.03pt.
<image12.png, id=289, 304.13625pt x 255.95625pt>
File: image12.png Graphic file (type png)
<use image12.png>
Package pdftex.def Info: image12.png  used on input line 281.
(pdftex.def)             Requested size: 227.62206pt x 191.56833pt.


LaTeX Warning: `!h' float specifier changed to `!ht'.

[14 <./image6.png>]
<image13.png, id=296, 392.667pt x 243.91125pt>
File: image13.png Graphic file (type png)
<use image13.png>
Package pdftex.def Info: image13.png  used on input line 301.
(pdftex.def)             Requested size: 227.62206pt x 141.39418pt.
<image14.png, id=297, 400.49625pt x 271.61475pt>
File: image14.png Graphic file (type png)
<use image14.png>
Package pdftex.def Info: image14.png  used on input line 327.
(pdftex.def)             Requested size: 227.62206pt x 154.3744pt.


LaTeX Warning: `!h' float specifier changed to `!ht'.

[15 <./image12.png> <./image13.png>]
<image7.png, id=306, 404.712pt x 289.68225pt>
File: image7.png Graphic file (type png)
<use image7.png>
Package pdftex.def Info: image7.png  used on input line 345.
(pdftex.def)             Requested size: 227.62206pt x 162.92818pt.
<image8.png, id=307, 802.79926pt x 239.09325pt>
File: image8.png Graphic file (type png)
<use image8.png>
Package pdftex.def Info: image8.png  used on input line 351.
(pdftex.def)             Requested size: 341.43307pt x 101.68806pt.
 [16 <./image14.png> <./image7.png> <./image8.png>]
<image9.png, id=318, 392.667pt x 218.0145pt>
File: image9.png Graphic file (type png)
<use image9.png>
Package pdftex.def Info: image9.png  used on input line 364.
(pdftex.def)             Requested size: 227.62206pt x 126.38194pt.
<image16.png, id=319, 402.303pt x 218.0145pt>
File: image16.png Graphic file (type png)
<use image16.png>
Package pdftex.def Info: image16.png  used on input line 388.
(pdftex.def)             Requested size: 227.62206pt x 123.3514pt.
 [17 <./image9.png> <./image16.png>]
<image15.png, id=327, 548.0475pt x 338.4645pt>
File: image15.png Graphic file (type png)
<use image15.png>
Package pdftex.def Info: image15.png  used on input line 403.
(pdftex.def)             Requested size: 227.62206pt x 140.57893pt.
 [18 <./image15.png>]
Underfull \hbox (badness 4429) in paragraph at lines 465--469
\T1/lmr/m/n/10.95 (+20) In sin-te-si: \T1/lmr/bx/n/10.95 (+20) To-ta-le/Parzial
e \T1/lmr/m/n/10.95 (+20) in-di-ca \T1/lmr/m/it/10.95 (+20) se tut-te le istan-
ze par-te-ci-pa-no\T1/lmr/m/n/10.95 (+20) , men-tre
 []

) [19]
\openout2 = `"vincoli di cardinalita.aux"'.

 (vincoli di cardinalita.tex)
\openout2 = `Strategie.aux'.

 (Strategie.tex [20






] [21]
<image19.png, id=351, 488.57532pt x 252.19218pt>
File: image19.png Graphic file (type png)
<use image19.png>
Package pdftex.def Info: image19.png  used on input line 149.
(pdftex.def)             Requested size: 250.38564pt x 129.24355pt.
<image20.png, id=352, 675.27281pt x 158.84344pt>
File: image20.png Graphic file (type png)
<use image20.png>
Package pdftex.def Info: image20.png  used on input line 161.
(pdftex.def)             Requested size: 341.43307pt x 80.31589pt.


LaTeX Warning: `!h' float specifier changed to `!ht'.

[22 <./image19.png>]
<image21.png, id=359, 695.59875pt x 314.67563pt>
File: image21.png Graphic file (type png)
<use image21.png>
Package pdftex.def Info: image21.png  used on input line 195.
(pdftex.def)             Requested size: 341.43307pt x 154.45648pt.
<image22.png, id=360, 685.05937pt x 301.125pt>
File: image22.png Graphic file (type png)
<use image22.png>
Package pdftex.def Info: image22.png  used on input line 202.
(pdftex.def)             Requested size: 341.43307pt x 150.08426pt.
 [23 <./image20.png> <./image21.png>]) [24 <./image22.png>]
\openout2 = `ModelloRelazionale.aux'.

(ModelloRelazionale.tex [25



]
<image23.png, id=380, 590.95781pt x 268.75406pt>
File: image23.png Graphic file (type png)
<use image23.png>
Package pdftex.def Info: image23.png  used on input line 92.
(pdftex.def)             Requested size: 341.43307pt x 155.27873pt.
 [26 <./image23.png>]
Underfull \hbox (badness 10000) in paragraph at lines 99--102

 []

<image24.png, id=388, 648.92438pt x 139.27031pt>
File: image24.png Graphic file (type png)
<use image24.png>
Package pdftex.def Info: image24.png  used on input line 106.
(pdftex.def)             Requested size: 341.43307pt x 73.27737pt.
<image25.png, id=389, 605.26125pt x 306.39468pt>
File: image25.png Graphic file (type png)
<use image25.png>
Package pdftex.def Info: image25.png  used on input line 110.
(pdftex.def)             Requested size: 341.43307pt x 172.84215pt.
[27 <./image24.png> <./image25.png>]
<image26.png, id=399, 701.62125pt x 264.23718pt>
File: image26.png Graphic file (type png)
<use image26.png>
Package pdftex.def Info: image26.png  used on input line 131.
(pdftex.def)             Requested size: 341.43307pt x 128.59032pt.
<image27.png, id=400, 704.6325pt x 230.36063pt>
File: image27.png Graphic file (type png)
<use image27.png>
Package pdftex.def Info: image27.png  used on input line 150.
(pdftex.def)             Requested size: 341.43307pt x 111.62282pt.
<image28.png, id=401, 694.84593pt x 424.58624pt>
File: image28.png Graphic file (type png)
<use image28.png>
Package pdftex.def Info: image28.png  used on input line 155.
(pdftex.def)             Requested size: 341.43307pt x 208.63216pt.
<image29.png, id=402, 689.57625pt x 438.8897pt>
File: image29.png Graphic file (type png)
<use image29.png>
Package pdftex.def Info: image29.png  used on input line 161.
(pdftex.def)             Requested size: 341.43307pt x 217.308pt.
 [28 <./image26.png> <./image27.png>]
<image30.png, id=412, 700.11563pt x 441.14813pt>
File: image30.png Graphic file (type png)
<use image30.png>
Package pdftex.def Info: image30.png  used on input line 166.
(pdftex.def)             Requested size: 341.43307pt x 215.1413pt.

[29 <./image28.png> <./image29.png>]

Package hyperref Warning: Token not allowed in a PDF string (Unicode):
(hyperref)                removing `math shift' on input line 184.


Package hyperref Warning: Token not allowed in a PDF string (Unicode):
(hyperref)                removing `math shift' on input line 184.


Package hyperref Warning: Token not allowed in a PDF string (Unicode):
(hyperref)                removing `math shift' on input line 186.


Package hyperref Warning: Token not allowed in a PDF string (Unicode):
(hyperref)                removing `subscript' on input line 186.


Package hyperref Warning: Token not allowed in a PDF string (Unicode):
(hyperref)                removing `subscript' on input line 186.


Package hyperref Warning: Token not allowed in a PDF string (Unicode):
(hyperref)                removing `subscript' on input line 186.


Package hyperref Warning: Token not allowed in a PDF string (Unicode):
(hyperref)                removing `subscript' on input line 186.


Package hyperref Warning: Token not allowed in a PDF string (Unicode):
(hyperref)                removing `math shift' on input line 186.

[30 <./image30.png>]
<image31.png, id=427, 392.06474pt x 164.41425pt>
File: image31.png Graphic file (type png)
<use image31.png>
Package pdftex.def Info: image31.png  used on input line 218.
(pdftex.def)             Requested size: 341.43307pt x 143.17972pt.
 [31 <./image31.png>]
Overfull \hbox (19.09497pt too wide) in paragraph at lines 257--258
[]\T1/lmtt/m/n/10.95 TRENO(Numero, OraPart, MinutoPart, Categoria, Destinazione
, OraArr, MinutoArr) 
 []

[32] [33]
Overfull \hbox (80.07446pt too wide) detected at line 468
[]  \OMS/lmsy/m/n/10.95  [][]  [][][]
 []

[34]
<image32.png, id=447, 506.6428pt x 382.42876pt>
File: image32.png Graphic file (type png)
<use image32.png>
Package pdftex.def Info: image32.png  used on input line 497.
(pdftex.def)             Requested size: 455.24411pt x 343.64pt.
<image33.png, id=448, 508.14844pt x 379.4175pt>
File: image33.png Graphic file (type png)
<use image33.png>
Package pdftex.def Info: image33.png  used on input line 502.
(pdftex.def)             Requested size: 455.24411pt x 339.9268pt.
 [35 <./image32.png>] [36 <./image33.png>]
<image34.png, id=460, 585.387pt x 307.1475pt>
File: image34.png Graphic file (type png)
<use image34.png>
Package pdftex.def Info: image34.png  used on input line 576.
(pdftex.def)             Requested size: 455.24411pt x 238.8664pt.
<image35.png, id=461, 597.432pt x 356.532pt>
File: image35.png Graphic file (type png)
<use image35.png>
Package pdftex.def Info: image35.png  used on input line 581.
(pdftex.def)             Requested size: 455.24411pt x 271.68523pt.
 [37] [38 <./image34.png> <./image35.png>]
<image36.png, id=475, 551.05875pt x 240.9pt>
File: image36.png Graphic file (type png)
<use image36.png>
Package pdftex.def Info: image36.png  used on input line 596.
(pdftex.def)             Requested size: 455.24411pt x 199.02063pt.
<image37.png, id=476, 600.44325pt x 281.25075pt>
File: image37.png Graphic file (type png)
<use image37.png>
Package pdftex.def Info: image37.png  used on input line 602.
(pdftex.def)             Requested size: 455.24411pt x 213.2378pt.
<image38.png, id=477, 581.17125pt x 265.59225pt>
File: image38.png Graphic file (type png)
<use image38.png>
Package pdftex.def Info: image38.png  used on input line 617.
(pdftex.def)             Requested size: 455.24411pt x 208.04863pt.
 [39 <./image36.png> <./image37.png>]
<image39.png, id=486, 519.74174pt x 260.77425pt>
File: image39.png Graphic file (type png)
<use image39.png>
Package pdftex.def Info: image39.png  used on input line 623.
(pdftex.def)             Requested size: 455.24411pt x 228.41962pt.
 [40 <./image38.png> <./image39.png>]
<image40.png, id=495, 706.43925pt x 332.442pt>
File: image40.png Graphic file (type png)
<use image40.png>
Package pdftex.def Info: image40.png  used on input line 658.
(pdftex.def)             Requested size: 455.24411pt x 214.22813pt.
<image41.png, id=496, 690.1785pt x 358.33875pt>
File: image41.png Graphic file (type png)
<use image41.png>
Package pdftex.def Info: image41.png  used on input line 663.
(pdftex.def)             Requested size: 455.24411pt x 236.36761pt.
<image42.png, id=497, 696.80325pt x 355.92975pt>
File: image42.png Graphic file (type png)
<use image42.png>
Package pdftex.def Info: image42.png  used on input line 668.
(pdftex.def)             Requested size: 455.24411pt x 232.54642pt.
 [41 <./image40.png>]
<image43.png, id=504, 710.655pt x 361.35pt>
File: image43.png Graphic file (type png)
<use image43.png>
Package pdftex.def Info: image43.png  used on input line 673.
(pdftex.def)             Requested size: 455.24411pt x 231.48376pt.
<image44.png, id=505, 675.7245pt x 340.8735pt>
File: image44.png Graphic file (type png)
<use image44.png>
Package pdftex.def Info: image44.png  used on input line 678.
(pdftex.def)             Requested size: 455.24411pt x 229.64796pt.
 [42 <./image41.png> <./image42.png>]
<image45.png, id=514, 674.52pt x 362.5545pt>
File: image45.png Graphic file (type png)
<use image45.png>
Package pdftex.def Info: image45.png  used on input line 683.
(pdftex.def)             Requested size: 455.24411pt x 244.69713pt.
<image46.png, id=515, 673.3155pt x 368.577pt>
File: image46.png Graphic file (type png)
<use image46.png>
Package pdftex.def Info: image46.png  used on input line 688.
(pdftex.def)             Requested size: 455.24411pt x 249.20053pt.
 [43 <./image43.png> <./image44.png>]
<image47.png, id=525, 706.43925pt x 364.36125pt>
File: image47.png Graphic file (type png)
<use image47.png>
Package pdftex.def Info: image47.png  used on input line 694.
(pdftex.def)             Requested size: 455.24411pt x 234.79715pt.
<image48.png, id=526, 672.111pt x 370.986pt>
File: image48.png Graphic file (type png)
<use image48.png>
Package pdftex.def Info: image48.png  used on input line 700.
(pdftex.def)             Requested size: 455.24411pt x 251.28215pt.
 [44 <./image45.png> <./image46.png>]
<image49.png, id=535, 695.59875pt x 385.44pt>
File: image49.png Graphic file (type png)
<use image49.png>
Package pdftex.def Info: image49.png  used on input line 706.
(pdftex.def)             Requested size: 455.24411pt x 252.25626pt.
<image50.png, id=536, 684.156pt x 384.2355pt>
File: image50.png Graphic file (type png)
<use image50.png>
Package pdftex.def Info: image50.png  used on input line 712.
(pdftex.def)             Requested size: 455.24411pt x 255.68343pt.
 [45 <./image47.png> <./image48.png>]
<image51.png, id=545, 699.8145pt x 350.5095pt>
File: image51.png Graphic file (type png)
<use image51.png>
Package pdftex.def Info: image51.png  used on input line 719.
(pdftex.def)             Requested size: 455.24411pt x 228.01031pt.
) [46 <./image49.png> <./image50.png>] [47 <./image51.png>]
\openout2 = `documentBased.aux'.


(documentBased.tex
<image52.png, id=560, 416.30531pt x 314.67563pt>
File: image52.png Graphic file (type png)
<use image52.png>
Package pdftex.def Info: image52.png  used on input line 5.
(pdftex.def)             Requested size: 341.43307pt x 258.09329pt.
 [48



 <./image52.png>]
<image53.png, id=567, 699.36281pt x 354.57469pt>
File: image53.png Graphic file (type png)
<use image53.png>
Package pdftex.def Info: image53.png  used on input line 99.
(pdftex.def)             Requested size: 341.43307pt x 173.10469pt.
 [49]
<image56.png, id=573, 514.17094pt x 201.00093pt>
File: image56.png Graphic file (type png)
<use image56.png>
Package pdftex.def Info: image56.png  used on input line 124.
(pdftex.def)             Requested size: 455.24411pt x 177.96707pt.
<image57.png, id=574, 637.63219pt x 360.59718pt>
File: image57.png Graphic file (type png)
<use image57.png>
Package pdftex.def Info: image57.png  used on input line 131.
(pdftex.def)             Requested size: 341.43307pt x 193.0854pt.
 [50 <./image53.png> <./image56.png>]
<image58.png, id=587, 688.07062pt x 406.51875pt>
File: image58.png Graphic file (type png)
<use image58.png>
Package pdftex.def Info: image58.png  used on input line 138.
(pdftex.def)             Requested size: 455.24411pt x 268.96071pt.
<image59.png, id=588, 658.71094pt x 383.18156pt>
File: image59.png Graphic file (type png)
<use image59.png>
Package pdftex.def Info: image59.png  used on input line 144.
(pdftex.def)             Requested size: 455.24411pt x 264.82822pt.
 [51 <./image57.png> <./image58.png>]
<image60.png, id=597, 687.31781pt x 432.86719pt>
File: image60.png Graphic file (type png)
<use image60.png>
Package pdftex.def Info: image60.png  used on input line 150.
(pdftex.def)             Requested size: 455.24411pt x 286.71039pt.
<image61.png, id=598, 694.09312pt x 408.02437pt>
File: image61.png Graphic file (type png)
<use image61.png>
Package pdftex.def Info: image61.png  used on input line 156.
(pdftex.def)             Requested size: 455.24411pt x 267.62213pt.
 [52 <./image59.png> <./image60.png>]
<image63.png, id=607, 688.82344pt x 355.3275pt>
File: image63.png Graphic file (type png)
<use image63.png>
Package pdftex.def Info: image63.png  used on input line 163.
(pdftex.def)             Requested size: 455.24411pt x 234.83675pt.
<image64.png, id=608, 621.82312pt x 356.0803pt>
File: image64.png Graphic file (type png)
<use image64.png>
Package pdftex.def Info: image64.png  used on input line 170.
(pdftex.def)             Requested size: 455.24411pt x 260.6917pt.

[53 <./image61.png> <./image63.png>]
<image65.png, id=617, 679.03688pt x 368.87813pt>
File: image65.png Graphic file (type png)
<use image65.png>
Package pdftex.def Info: image65.png  used on input line 176.
(pdftex.def)             Requested size: 455.24411pt x 247.30466pt.
<image66.png, id=618, 635.37375pt x 248.42813pt>
File: image66.png Graphic file (type png)
<use image66.png>
Package pdftex.def Info: image66.png  used on input line 183.
(pdftex.def)             Requested size: 455.24411pt x 178.00383pt.
 [54 <./image64.png> <./image65.png>]
<image67.png, id=627, 704.6325pt x 389.20406pt>
File: image67.png Graphic file (type png)
<use image67.png>
Package pdftex.def Info: image67.png  used on input line 193.
(pdftex.def)             Requested size: 455.24411pt x 251.45337pt.
<image68.png, id=628, 699.36281pt x 412.54124pt>
File: image68.png Graphic file (type png)
<use image68.png>
Package pdftex.def Info: image68.png  used on input line 198.
(pdftex.def)             Requested size: 455.24411pt x 268.54521pt.

[55 <./image66.png> <./image67.png>]
<image69.png, id=637, 694.84593pt x 427.5975pt>
File: image69.png Graphic file (type png)
<use image69.png>
Package pdftex.def Info: image69.png  used on input line 203.
(pdftex.def)             Requested size: 455.24411pt x 280.14691pt.
<image70.png, id=638, 695.59875pt x 456.95718pt>
File: image70.png Graphic file (type png)
<use image70.png>
Package pdftex.def Info: image70.png  used on input line 208.
(pdftex.def)             Requested size: 455.24411pt x 299.06161pt.
 [56 <./image68.png> <./image69.png>]
<image71.png, id=645, 715.17188pt x 447.17062pt>
File: image71.png Graphic file (type png)
<use image71.png>
Package pdftex.def Info: image71.png  used on input line 213.
(pdftex.def)             Requested size: 455.24411pt x 284.64616pt.
<image72.png, id=646, 709.90219pt x 435.12563pt>
File: image72.png Graphic file (type png)
<use image72.png>
Package pdftex.def Info: image72.png  used on input line 218.
(pdftex.def)             Requested size: 455.24411pt x 279.0438pt.

[57 <./image70.png> <./image71.png>]
<image73.png, id=653, 691.83469pt x 438.13687pt>
File: image73.png Graphic file (type png)
<use image73.png>
Package pdftex.def Info: image73.png  used on input line 223.
(pdftex.def)             Requested size: 455.24411pt x 288.30879pt.
<image74.png, id=654, 712.16063pt x 459.96844pt>
File: image74.png Graphic file (type png)
<use image74.png>
Package pdftex.def Info: image74.png  used on input line 228.
(pdftex.def)             Requested size: 455.24411pt x 294.02786pt.
 [58 <./image72.png> <./image73.png>]
<image75.png, id=661, 702.37407pt x 453.19313pt>
File: image75.png Graphic file (type png)
<use image75.png>
Package pdftex.def Info: image75.png  used on input line 233.
(pdftex.def)             Requested size: 455.24411pt x 293.74913pt.
<image76.png, id=662, 694.84593pt x 447.17062pt>
File: image76.png Graphic file (type png)
<use image76.png>
Package pdftex.def Info: image76.png  used on input line 238.
(pdftex.def)             Requested size: 455.24411pt x 292.97054pt.

[59 <./image74.png> <./image75.png>]
<image77.png, id=669, 703.12688pt x 454.69875pt>
File: image77.png Graphic file (type png)
<use image77.png>
Package pdftex.def Info: image77.png  used on input line 243.
(pdftex.def)             Requested size: 455.24411pt x 294.39201pt.
) [60 <./image76.png> <./image77.png>]
\openout2 = `algebraRelazionale.aux'.


(algebraRelazionale.tex [61



]
<image78.png, id=682, 719.68875pt x 241.65282pt>
File: image78.png Graphic file (type png)
<use image78.png>
Package pdftex.def Info: image78.png  used on input line 83.
(pdftex.def)             Requested size: 455.24411pt x 152.86523pt.
<image79.png, id=683, 602.25pt x 290.58563pt>
File: image79.png Graphic file (type png)
<use image79.png>
Package pdftex.def Info: image79.png  used on input line 89.
(pdftex.def)             Requested size: 455.24411pt x 219.6635pt.
 [62 <./image78.png> <./image79.png>] [63] [64]
[65{C:/Users/krist/AppData/Local/Programs/MiKTeX/fonts/enc/dvips/lm/lm-mathex.e
nc}] [66]
<image80.png, id=713, 696.35156pt x 414.79968pt>
File: image80.png Graphic file (type png)
<use image80.png>
Package pdftex.def Info: image80.png  used on input line 406.
(pdftex.def)             Requested size: 455.24411pt x 271.17995pt.
 [67 <./image80.png>] [68]
<image81.png, id=729, 690.32906pt x 403.5075pt>
File: image81.png Graphic file (type png)
<use image81.png>
Package pdftex.def Info: image81.png  used on input line 519.
(pdftex.def)             Requested size: 455.24411pt x 266.10028pt.
 [69 <./image81.png>] [70]
<image82.png, id=742, 613.54219pt x 295.1025pt>
File: image82.png Graphic file (type png)
<use image82.png>
Package pdftex.def Info: image82.png  used on input line 651.
(pdftex.def)             Requested size: 455.24411pt x 218.9668pt.
 [71 <./image82.png>] [72]
<image83.png, id=753, 570.63188pt x 248.42813pt>
File: image83.png Graphic file (type png)
<use image83.png>
Package pdftex.def Info: image83.png  used on input line 798.
(pdftex.def)             Requested size: 455.24411pt x 198.19312pt.
<image84.png, id=754, 595.47469pt x 389.95688pt>
File: image84.png Graphic file (type png)
<use image84.png>
Package pdftex.def Info: image84.png  used on input line 804.
(pdftex.def)             Requested size: 455.24411pt x 298.12563pt.
<image85.png, id=755, 625.58719pt x 280.79906pt>
File: image85.png Graphic file (type png)
<use image85.png>
Package pdftex.def Info: image85.png  used on input line 810.
(pdftex.def)             Requested size: 455.24411pt x 204.34319pt.
 [73 <./image83.png>] [74 <./image84.png> <./image85.png>]
<image86.png, id=771, 613.54219pt x 308.65312pt>
File: image86.png Graphic file (type png)
<use image86.png>
Package pdftex.def Info: image86.png  used on input line 839.
(pdftex.def)             Requested size: 455.24411pt x 229.0214pt.
<image87.png, id=772, 637.63219pt x 223.58531pt>
File: image87.png Graphic file (type png)
<use image87.png>
Package pdftex.def Info: image87.png  used on input line 845.
(pdftex.def)             Requested size: 455.24411pt x 159.63028pt.
<image88.png, id=773, 679.03688pt x 361.35pt>
File: image88.png Graphic file (type png)
<use image88.png>
Package pdftex.def Info: image88.png  used on input line 851.
(pdftex.def)             Requested size: 455.24411pt x 242.25763pt.
 [75 <./image86.png> <./image87.png>]) [76 <./image88.png>]
\openout2 = `calcoloRelazionale.aux'.

 (calcoloRelazionale.tex
<image89.png, id=788, 554.07pt x 399.74344pt>
File: image89.png Graphic file (type png)
<use image89.png>
Package pdftex.def Info: image89.png  used on input line 18.
(pdftex.def)             Requested size: 455.24411pt x 328.44438pt.
<image90.png, id=789, 386.94562pt x 236.38312pt>
File: image90.png Graphic file (type png)
<use image90.png>
Package pdftex.def Info: image90.png  used on input line 27.
(pdftex.def)             Requested size: 455.24411pt x 278.11089pt.
 [77



 <./image89.png>] [78 <./image90.png>] [79]
<image91.png, id=819, 507.39563pt x 283.0575pt>
File: image91.png Graphic file (type png)
<use image91.png>
Package pdftex.def Info: image91.png  used on input line 184.
(pdftex.def)             Requested size: 455.24411pt x 253.97194pt.
<image92.png, id=820, 502.87875pt x 136.25906pt>
File: image92.png Graphic file (type png)
<use image92.png>
Package pdftex.def Info: image92.png  used on input line 190.
(pdftex.def)             Requested size: 455.24411pt x 123.35138pt.
 [80]
<image93.png, id=826, 576.65437pt x 149.8097pt>
File: image93.png Graphic file (type png)
<use image93.png>
Package pdftex.def Info: image93.png  used on input line 197.
(pdftex.def)             Requested size: 455.24411pt x 118.2729pt.
<image94.png, id=827, 538.26094pt x 290.58563pt>
File: image94.png Graphic file (type png)
<use image94.png>
Package pdftex.def Info: image94.png  used on input line 203.
(pdftex.def)             Requested size: 455.24411pt x 245.77074pt.
<image95.png, id=828, 587.19376pt x 277.78781pt>
File: image95.png Graphic file (type png)
<use image95.png>
Package pdftex.def Info: image95.png  used on input line 209.
(pdftex.def)             Requested size: 455.24411pt x 215.36385pt.
 [81 <./image91.png> <./image92.png> <./image93.png>]
<image96.png, id=839, 629.35126pt x 278.54062pt>
File: image96.png Graphic file (type png)
<use image96.png>
Package pdftex.def Info: image96.png  used on input line 216.
(pdftex.def)             Requested size: 455.24411pt x 201.48413pt.
<image97.png, id=840, 633.86812pt x 300.3722pt>
File: image97.png Graphic file (type png)
<use image97.png>
Package pdftex.def Info: image97.png  used on input line 223.
(pdftex.def)             Requested size: 455.24411pt x 215.73155pt.
 [82 <./image94.png> <./image95.png>]
<image98.png, id=849, 627.09282pt x 287.57437pt>
File: image98.png Graphic file (type png)
<use image98.png>
Package pdftex.def Info: image98.png  used on input line 230.
(pdftex.def)             Requested size: 455.24411pt x 208.7735pt.
 [83 <./image96.png> <./image97.png>]) [84 <./image98.png>]
\openout2 = `LinguaggiNoSql.aux'.

 (LinguaggiNoSql.tex
<image99.png, id=864, 774.64406pt x 453.19313pt>
File: image99.png Graphic file (type png)
<use image99.png>
Package pdftex.def Info: image99.png  used on input line 6.
(pdftex.def)             Requested size: 455.24411pt x 266.33743pt.
<image100.png, id=865, 779.91376pt x 213.79875pt>
File: image100.png Graphic file (type png)
<use image100.png>
Package pdftex.def Info: image100.png  used on input line 13.
(pdftex.def)             Requested size: 455.24411pt x 124.7961pt.
<image101.png, id=866, 812.28468pt x 307.1475pt>
File: image101.png Graphic file (type png)
<use image101.png>
Package pdftex.def Info: image101.png  used on input line 19.
(pdftex.def)             Requested size: 455.24411pt x 172.13733pt.
<image102.png, id=867, 816.80156pt x 489.32813pt>
File: image102.png Graphic file (type png)
<use image102.png>
Package pdftex.def Info: image102.png  used on input line 25.
(pdftex.def)             Requested size: 455.24411pt x 272.73016pt.
 [85



 <./image99.png> <./image100.png>]
<image103.png, id=877, 800.9925pt x 239.39438pt>
File: image103.png Graphic file (type png)
<use image103.png>
Package pdftex.def Info: image103.png  used on input line 31.
(pdftex.def)             Requested size: 455.24411pt x 136.06169pt.
<image104.png, id=878, 788.9475pt x 354.57469pt>
File: image104.png Graphic file (type png)
<use image104.png>
Package pdftex.def Info: image104.png  used on input line 37.
(pdftex.def)             Requested size: 455.24411pt x 204.59843pt.
<image105.png, id=879, 788.19469pt x 215.30438pt>
File: image105.png Graphic file (type png)
<use image105.png>
Package pdftex.def Info: image105.png  used on input line 43.
(pdftex.def)             Requested size: 455.24411pt x 124.35426pt.
 [86 <./image101.png> <./image102.png> <./image103.png>]) [87 <./image104.png> 
<./image105.png>] (main.aux (introduzione.aux) (Progettazione.aux) (ModellloEr.
aux) (vincoli di cardinalita.aux) (Strategie.aux)
(ModelloRelazionale.aux) (documentBased.aux) (algebraRelazionale.aux)
(calcoloRelazionale.aux) (LinguaggiNoSql.aux))
 ***********
LaTeX2e <2023-11-01> patch level 1
L3 programming layer <2024-01-04>
 ***********


LaTeX Warning: There were multiply-defined labels.

 ) 
Here is how much of TeX's memory you used:
 28903 strings out of 474486
 548436 string characters out of 5743755
 1948542 words of memory out of 5000000
 50069 multiletter control sequences out of 15000+600000
 637827 words of font info for 226 fonts, out of 8000000 for 9000
 1141 hyphenation exceptions out of 8191
 84i,12n,93p,1195b,666s stack positions out of 10000i,1000n,20000p,200000b,200000s
<C:/Users/krist/AppData/Local/Programs/MiKTeX/fonts/type1/public/lm/lmbx10.pf
b><C:/Users/krist/AppData/Local/Programs/MiKTeX/fonts/type1/public/lm/lmbx12.pf
b><C:/Users/krist/AppData/Local/Programs/MiKTeX/fonts/type1/public/lm/lmex10.pf
b><C:/Users/krist/AppData/Local/Programs/MiKTeX/fonts/type1/public/lm/lmmi10.pf
b><C:/Users/krist/AppData/Local/Programs/MiKTeX/fonts/type1/public/lm/lmmi6.pfb
><C:/Users/krist/AppData/Local/Programs/MiKTeX/fonts/type1/public/lm/lmmi8.pfb>
<C:/Users/krist/AppData/Local/Programs/MiKTeX/fonts/type1/public/lm/lmr10.pfb><
C:/Users/krist/AppData/Local/Programs/MiKTeX/fonts/type1/public/lm/lmr12.pfb><C
:/Users/krist/AppData/Local/Programs/MiKTeX/fonts/type1/public/lm/lmr6.pfb><C:/
Users/krist/AppData/Local/Programs/MiKTeX/fonts/type1/public/lm/lmr8.pfb><C:/Us
ers/krist/AppData/Local/Programs/MiKTeX/fonts/type1/public/lm/lmri10.pfb><C:/Us
ers/krist/AppData/Local/Programs/MiKTeX/fonts/type1/public/lm/lmsy10.pfb><C:/Us
ers/krist/AppData/Local/Programs/MiKTeX/fonts/type1/public/lm/lmsy6.pfb><C:/Use
rs/krist/AppData/Local/Programs/MiKTeX/fonts/type1/public/lm/lmsy8.pfb><C:/User
s/krist/AppData/Local/Programs/MiKTeX/fonts/type1/public/lm/lmtt10.pfb><C:/User
s/krist/AppData/Local/Programs/MiKTeX/fonts/type1/public/amsfonts/symbols/msbm1
0.pfb>
Output written on main.pdf (87 pages, 10465341 bytes).
PDF statistics:
 1340 PDF objects out of 1440 (max. 8388607)
 303 named destinations out of 1000 (max. 500000)
 41735 words of extra memory for PDF output out of 42996 (max. 10000000)

